tetris_game_rules.c:146:6:calculateScore	0	static
tetris_game_rules.c:161:6:readSignals	8	static
tetris_game_rules.c:169:6:updateGameBoard	20	static
tetris_game_rules.c:188:6:drawGameBoard	136	static
tetris_game_rules.c:228:9:detectCompleteRows	20	static
tetris_game_rules.c:250:9:shapePositionValid	20	static
tetris_game_rules.c:270:9:positionValid	20	static
tetris_game_rules.c:304:9:nextRowPositionValid	0	static
tetris_game_rules.c:308:9:nextLeftPositionValid	0	static
tetris_game_rules.c:312:9:nextRightPositionValid	0	static
tetris_game_rules.c:317:29:tetrisBlockPositionsToBoard	16	static
tetris_game_rules.c:328:23:blockLimitPosition	0	static
tetris_game_rules.c:331:9:blockLimitPositionReached	0	static
tetris_game_rules.c:335:6:pickRandomBlock	72	static
tetris_game_rules.c:361:6:updateGameBlock	72	static
tetris_game_rules.c:386:6:calculateNextLevel	8	static
tetris_game_rules.c:3:6:startGame	72	static
tetris_game_rules.c:46:6:runGame	120	static
tetris_game_rules.c:403:6:readTouch	0	static
