tetris_blocks.c:4:6:drawBlock	32	static
tetris_blocks.c:18:6:drawBlockAt	32	static
tetris_blocks.c:30:6:drawTetrisBlock	64	static
tetris_blocks.c:57:6:deleteBlock	40	static
tetris_blocks.c:77:6:moveBlockDown	72	static
tetris_blocks.c:90:28:getBlockLimits	8	static
tetris_blocks.c:112:32:getNextOrientation	0	static
tetris_blocks.c:130:6:moveBlockRight	72	static
tetris_blocks.c:135:6:moveBlockLeft	72	static
tetris_blocks.c:140:6:copyBlockShape	8	static
tetris_blocks.c:123:6:rotateBlock	72	static
tetris_blocks.c:221:26:getNextShape	144	static
